// Jest Snapshot v1, https://goo.gl/fbAQLP

exports[`AboutPage Component should render without throwing error 1`] = `
<div
  className="container"
  id="about"
>
  <div
    className="row"
  >
    <div
      className="media-body bg"
    >
      <br />
      <h1>
        ABOUT US
      </h1>
      <h2>
        What Ecenter Does
      </h2>
      <p>
        eCenter is the leading online venue-finding directory, listing over 1000 event spaces within Nigeria available for exclusive hire. The listings cover the full spectrum of Nigeria event spaces that are available for exclusive hire – for 25 to 5000 guests or delegates – including conference and meetings venues, party venues, product launch venues, halls for hire and wedding ceremony venues. Venue.ng is a free service to users as we earn standard industry commissions from venues for successful introductions via our industry-leading website. Our team are the venue experts who will assist with selecting the best venue shortlist for any event brief. We are based in Lagos, enabling us to show corporate and private event bookers selected venues at short notice and visit new venues as soon as they open.
      </p>
    </div>
  </div>
</div>
`;
