// Jest Snapshot v1, https://goo.gl/fbAQLP

exports[`CenterForm component should render the component without error 1`] = `
<form
  id="add-center-form"
  onSubmit={[Function]}
>
  <ImageUpload
    path="/"
    showImage={[Function]}
    uploadedImage=""
  />
  <span
    className="help-block"
  />
  <span
    className="main-color"
  >
    Title
  </span>
  <TextField
    id="centerName"
    onChange={[Function]}
    placeholder="Center name"
    type="text"
    value=""
  />
  <span
    className="main-color"
  >
     Location
  </span>
  <TextField
    id="location"
    onChange={[Function]}
    placeholder="Center location"
    type="text"
    value=""
  />
  <span
    className="main-color"
  >
     Facilities
  </span>
  <p
    className="subtitle"
  >
    separate facilities with commas. Do not include spaces
  </p>
  <TextField
    id="facilities"
    onChange={[Function]}
    placeholder="Facilities in center"
    type="text"
    value=""
  />
  <span
    className="main-color"
  >
    Capacity
  </span>
  <TextField
    id="capacity"
    onChange={[Function]}
    placeholder="Capacity"
    type="text"
    value=""
  />
  <span
    className="main-color"
  >
    Price
  </span>
  <TextField
    id="cost"
    onChange={[Function]}
    placeholder="NGN"
    type="text"
    value=""
  />
  <span
    className="main-color"
  >
     Description
  </span>
  <span
    className="help-block"
  />
  <p
    className="subtitle"
  >
    describe the center in few words
  </p>
  <div
    className="form-group"
  >
    <textarea
      className="form-control"
      id="description"
      onChange={[Function]}
      placeholder="Describe center in few words"
      value=""
    />
  </div>
  <input
    className="btn btn-primary basic"
    id="submit-center"
    type="submit"
    value="Add Center"
  />
</form>
`;
