// Jest Snapshot v1, https://goo.gl/fbAQLP

exports[`AddCenter Page component should render without throwing error 1`] = `
<div
  id="add-center"
>
  <Connect(NavBar)
    path="/"
  />
  <div
    className="container"
  >
    <div
      className="row"
    >
      <div
        className="col-lg-6"
      >
        <div
          className="form-outer text-center"
        >
          <div
            className="form-inner"
          >
            <span
              className="logo"
            >
              <strong
                className="text-primary"
              >
                add a new center
              </strong>
            </span>
            <hr />
            <Connect(CenterForm)
              path="/"
            />
          </div>
        </div>
      </div>
    </div>
  </div>
  <Footer />
</div>
`;
