// Jest Snapshot v1, https://goo.gl/fbAQLP

exports[`Admin content should render the component without error 1`] = `
<div
  className="container"
  id="admin-content"
>
  <Connect(SearchForm)
    criteria={
      Object {
        "btwValue": "",
        "capacity": "",
        "capacityType": "",
        "counter": 0,
        "errors": Object {},
        "facilities": "",
        "location": "",
      }
    }
    getCenters={[MockFunction]}
    id="search-nav"
    onChange={[Function]}
    search={[Function]}
  />
  <Connect(DisplayCenters)
    counter={0}
    nextCenters={[Function]}
    searchState={
      Object {
        "btwValue": "",
        "capacity": "",
        "capacityType": "",
        "counter": 0,
        "errors": Object {},
        "facilities": "",
        "location": "",
      }
    }
    showCenter={[Function]}
  />
</div>
`;
