// Jest Snapshot v1, https://goo.gl/fbAQLP

exports[`Carousel Component should render without throwing error 1`] = `
<div
  className="col-lg-6 form"
  id="carousel"
>
  <h1>
    Our Centers
  </h1>
  <div
    className="carousel slide"
    data-ride="carousel"
    id="carouselExampleIndicators"
  >
    <ol
      className="carousel-indicators"
    >
      <li
        className="active"
        data-slide-to={0}
        data-target="#carouselExampleIndicators"
        key="0"
      />
      <li
        className=""
        data-slide-to={1}
        data-target="#carouselExampleIndicators"
        key="1"
      />
    </ol>
    <div
      className="carousel-inner"
    >
      <div
        className="carousel-item active"
        key="0"
      >
        <img
          className="d-block w-100 h-350"
        />
        <div
          className="carousel-caption d-none d-md-block"
        >
          <h5 />
          <p />
        </div>
      </div>
      <div
        className="carousel-item"
        key="1"
      >
        <img
          className="d-block w-100 h-350"
        />
        <div
          className="carousel-caption d-none d-md-block"
        >
          <h5 />
          <p />
        </div>
      </div>
    </div>
    <a
      className="carousel-control-prev"
      data-slide="prev"
      href="#carouselExampleIndicators"
      role="button"
    >
      <span
        aria-hidden="true"
        className="carousel-control-prev-icon"
      />
      <span
        className="sr-only"
      >
        Previous
      </span>
    </a>
    <a
      className="carousel-control-next"
      data-slide="next"
      href="#carouselExampleIndicators"
      role="button"
    >
      <span
        aria-hidden="true"
        className="carousel-control-next-icon"
      />
      <span
        className="sr-only"
      >
        Next
      </span>
    </a>
  </div>
</div>
`;
