// Jest Snapshot v1, https://goo.gl/fbAQLP

exports[`center details component should render the component based 1`] = `
<div
  id="center-event"
>
  <div
    className="container"
  >
    <div
      className="row"
    >
      <div
        className="col-lg-6 card bb text-center pt-4 pb-4"
      >
        <Details
          centerState={
            Object {
              "capacity": "500",
              "centerName": "Epic Center",
              "cost": "50000",
              "decision": "",
              "description": "A center with emotions",
              "errors": "",
              "event": "",
              "facilities": "car park",
              "id": "",
              "image": "newpicture.jpg",
              "imageUrl": "picture.jpg",
              "location": "Lekki",
            }
          }
          showHiddenDiv={[Function]}
        />
        <EditCenter
          centerState={
            Object {
              "capacity": "500",
              "centerName": "Epic Center",
              "cost": "50000",
              "decision": "",
              "description": "A center with emotions",
              "errors": "",
              "event": "",
              "facilities": "car park",
              "id": "",
              "image": "newpicture.jpg",
              "imageUrl": "picture.jpg",
              "location": "Lekki",
            }
          }
          imageUrl="newpicture.jpg"
          isValid={[Function]}
          onChange={[Function]}
          path="/"
          showHiddenDiv={[Function]}
          showImage={[Function]}
        />
      </div>
      <EventsList
        onClick={[Function]}
      />
      <DeleteModal
        content={
          <DeleteContent
            onApprove={[Function]}
            onChange={[Function]}
            onClick={[Function]}
            showHiddenDiv={[Function]}
            state={
              Object {
                "capacity": "500",
                "centerName": "Epic Center",
                "cost": "50000",
                "decision": "",
                "description": "A center with emotions",
                "errors": "",
                "event": "",
                "facilities": "car park",
                "id": "",
                "image": "newpicture.jpg",
                "imageUrl": "picture.jpg",
                "location": "Lekki",
              }
            }
          />
        }
        path="/"
      />
    </div>
  </div>
</div>
`;
