// Jest Snapshot v1, https://goo.gl/fbAQLP

exports[`Delete modal should render the component without errors 1`] = `
<div
  className="modal hide"
  id="deleteModal"
>
  <div
    className="modal-dialog mt-y4"
  >
    <div
      className="modal-content"
    >
      <div
        className="form-inner text-center"
      >
        This is a delete modal
      </div>
    </div>
  </div>
</div>
`;
