// Jest Snapshot v1, https://goo.gl/fbAQLP

exports[`Delete Event Component should render component without error 1`] = `
<div
  id="delete-content"
>
  <p>
    Are you sure you want to delete 
    ?
  </p>
  <i
    className="fa fa-trash red"
    onClick={[MockFunction]}
  />
  <i
    className="fa fa-save green"
    onClick={[MockFunction]}
  />
  <br />
  <span
    id="yes"
  >
    <br />
    Yes
  </span>
  <span
    id="no"
  >
    <br />
    No
  </span>
</div>
`;
