// Jest Snapshot v1, https://goo.gl/fbAQLP

exports[`Edit center should render component without errors 1`] = `
ShallowWrapper {
  "length": 1,
  Symbol(enzyme.__root__): [Circular],
  Symbol(enzyme.__unrendered__): <EditCenter
    centerState={
      Object {
        "capacity": "",
        "centerName": "",
        "cost": "",
        "description": "",
        "errors": Object {},
        "facilities": "",
        "image": "",
        "location": "",
      }
    }
    onChange={[MockFunction]}
    showHidden={[MockFunction]}
    showImage={[MockFunction]}
  />,
  Symbol(enzyme.__renderer__): Object {
    "batchedUpdates": [Function],
    "getNode": [Function],
    "render": [Function],
    "simulateEvent": [Function],
    "unmount": [Function],
  },
  Symbol(enzyme.__node__): Object {
    "instance": null,
    "key": undefined,
    "nodeType": "host",
    "props": Object {
      "children": Array [
        <ImageUpload
          path={undefined}
          showImage={[MockFunction]}
          uploadedImage={undefined}
        />,
        <div
          className="media-body text-center mb-4"
        >
          <form
            id="edit-center-form"
          >
            <div>
              <span
                className="help-block"
              />
              <input
                className="logo text-primary text-center no-border"
                id="centerName"
                onChange={[MockFunction]}
                type="text"
                value=""
              />
              <border />
            </div>
            <h3
              className="mt-2"
            >
              location
            </h3>
            <div>
              <span
                className="help-block"
              />
              <input
                className="text-center no-border mt-0 "
                id="location"
                onChange={[MockFunction]}
                type="text"
                value=""
              />
              <border />
            </div>
            <h3
              className="mt-2"
            >
              capacity
            </h3>
            <div>
              <span
                className="help-block"
              />
              <input
                className="text-center no-border mt-0 "
                id="capacity"
                onChange={[MockFunction]}
                type="text"
                value=""
              />
              <border />
            </div>
            <h3
              className="mt-2"
            >
              facilities
            </h3>
            <p
              className="help-block"
            />
            <div>
              <input
                className="text-center no-border mt-0 "
                id="facilities"
                onChange={[MockFunction]}
                type="text"
                value=""
              />
              <border />
            </div>
            <h3
              className="mt-2"
            >
              Price
            </h3>
            <p
              className="help-block"
            />
            <div>
              <input
                className="text-center no-border mt-0 "
                id="cost"
                onChange={[MockFunction]}
                type="text"
                value=""
              />
              <border />
            </div>
            <h3
              className="mt-2"
            >
              description
            </h3>
            <p
              className="help-block"
            />
            <div>
              <textarea
                className="form-control col-xs-6 mb-4"
                id="description"
                onChange={[MockFunction]}
                value=""
              />
            </div>
            <input
              className="btn btn-sm btn-success p-1 mr-1"
              data-toggle-id="editCenterDetails"
              onClick={undefined}
              type="button"
              value="save"
            />
            <input
              className="btn btn-sm btn-danger p-1 ml-1"
              data-toggle-id="editCenterDetails"
              onClick={undefined}
              type="button"
              value="cancel"
            />
          </form>
        </div>,
      ],
      "hidden": true,
      "id": "editCenterDetails",
    },
    "ref": null,
    "rendered": Array [
      Object {
        "instance": null,
        "key": undefined,
        "nodeType": "class",
        "props": Object {
          "path": undefined,
          "showImage": [MockFunction],
          "uploadedImage": undefined,
        },
        "ref": null,
        "rendered": null,
        "type": [Function],
      },
      Object {
        "instance": null,
        "key": undefined,
        "nodeType": "host",
        "props": Object {
          "children": <form
            id="edit-center-form"
          >
            <div>
              <span
                className="help-block"
              />
              <input
                className="logo text-primary text-center no-border"
                id="centerName"
                onChange={[MockFunction]}
                type="text"
                value=""
              />
              <border />
            </div>
            <h3
              className="mt-2"
            >
              location
            </h3>
            <div>
              <span
                className="help-block"
              />
              <input
                className="text-center no-border mt-0 "
                id="location"
                onChange={[MockFunction]}
                type="text"
                value=""
              />
              <border />
            </div>
            <h3
              className="mt-2"
            >
              capacity
            </h3>
            <div>
              <span
                className="help-block"
              />
              <input
                className="text-center no-border mt-0 "
                id="capacity"
                onChange={[MockFunction]}
                type="text"
                value=""
              />
              <border />
            </div>
            <h3
              className="mt-2"
            >
              facilities
            </h3>
            <p
              className="help-block"
            />
            <div>
              <input
                className="text-center no-border mt-0 "
                id="facilities"
                onChange={[MockFunction]}
                type="text"
                value=""
              />
              <border />
            </div>
            <h3
              className="mt-2"
            >
              Price
            </h3>
            <p
              className="help-block"
            />
            <div>
              <input
                className="text-center no-border mt-0 "
                id="cost"
                onChange={[MockFunction]}
                type="text"
                value=""
              />
              <border />
            </div>
            <h3
              className="mt-2"
            >
              description
            </h3>
            <p
              className="help-block"
            />
            <div>
              <textarea
                className="form-control col-xs-6 mb-4"
                id="description"
                onChange={[MockFunction]}
                value=""
              />
            </div>
            <input
              className="btn btn-sm btn-success p-1 mr-1"
              data-toggle-id="editCenterDetails"
              onClick={undefined}
              type="button"
              value="save"
            />
            <input
              className="btn btn-sm btn-danger p-1 ml-1"
              data-toggle-id="editCenterDetails"
              onClick={undefined}
              type="button"
              value="cancel"
            />
          </form>,
          "className": "media-body text-center mb-4",
        },
        "ref": null,
        "rendered": Object {
          "instance": null,
          "key": undefined,
          "nodeType": "host",
          "props": Object {
            "children": Array [
              <div>
                <span
                  className="help-block"
                />
                <input
                  className="logo text-primary text-center no-border"
                  id="centerName"
                  onChange={[MockFunction]}
                  type="text"
                  value=""
                />
                <border />
              </div>,
              <h3
                className="mt-2"
              >
                location
              </h3>,
              <div>
                <span
                  className="help-block"
                />
                <input
                  className="text-center no-border mt-0 "
                  id="location"
                  onChange={[MockFunction]}
                  type="text"
                  value=""
                />
                <border />
              </div>,
              <h3
                className="mt-2"
              >
                capacity
              </h3>,
              <div>
                <span
                  className="help-block"
                />
                <input
                  className="text-center no-border mt-0 "
                  id="capacity"
                  onChange={[MockFunction]}
                  type="text"
                  value=""
                />
                <border />
              </div>,
              <h3
                className="mt-2"
              >
                facilities
              </h3>,
              <p
                className="help-block"
              />,
              <div>
                <input
                  className="text-center no-border mt-0 "
                  id="facilities"
                  onChange={[MockFunction]}
                  type="text"
                  value=""
                />
                <border />
              </div>,
              <h3
                className="mt-2"
              >
                Price
              </h3>,
              <p
                className="help-block"
              />,
              <div>
                <input
                  className="text-center no-border mt-0 "
                  id="cost"
                  onChange={[MockFunction]}
                  type="text"
                  value=""
                />
                <border />
              </div>,
              <h3
                className="mt-2"
              >
                description
              </h3>,
              <p
                className="help-block"
              />,
              <div>
                <textarea
                  className="form-control col-xs-6 mb-4"
                  id="description"
                  onChange={[MockFunction]}
                  value=""
                />
              </div>,
              <input
                className="btn btn-sm btn-success p-1 mr-1"
                data-toggle-id="editCenterDetails"
                onClick={undefined}
                type="button"
                value="save"
              />,
              <input
                className="btn btn-sm btn-danger p-1 ml-1"
                data-toggle-id="editCenterDetails"
                onClick={undefined}
                type="button"
                value="cancel"
              />,
            ],
            "id": "edit-center-form",
          },
          "ref": null,
          "rendered": Array [
            Object {
              "instance": null,
              "key": undefined,
              "nodeType": "host",
              "props": Object {
                "children": Array [
                  <span
                    className="help-block"
                  />,
                  <input
                    className="logo text-primary text-center no-border"
                    id="centerName"
                    onChange={[MockFunction]}
                    type="text"
                    value=""
                  />,
                  <border />,
                ],
              },
              "ref": null,
              "rendered": Array [
                Object {
                  "instance": null,
                  "key": undefined,
                  "nodeType": "host",
                  "props": Object {
                    "children": undefined,
                    "className": "help-block",
                  },
                  "ref": null,
                  "rendered": null,
                  "type": "span",
                },
                Object {
                  "instance": null,
                  "key": undefined,
                  "nodeType": "host",
                  "props": Object {
                    "className": "logo text-primary text-center no-border",
                    "id": "centerName",
                    "onChange": [MockFunction],
                    "type": "text",
                    "value": "",
                  },
                  "ref": null,
                  "rendered": null,
                  "type": "input",
                },
                Object {
                  "instance": null,
                  "key": undefined,
                  "nodeType": "host",
                  "props": Object {},
                  "ref": null,
                  "rendered": null,
                  "type": "border",
                },
              ],
              "type": "div",
            },
            Object {
              "instance": null,
              "key": undefined,
              "nodeType": "host",
              "props": Object {
                "children": "location",
                "className": "mt-2",
              },
              "ref": null,
              "rendered": "location",
              "type": "h3",
            },
            Object {
              "instance": null,
              "key": undefined,
              "nodeType": "host",
              "props": Object {
                "children": Array [
                  <span
                    className="help-block"
                  />,
                  <input
                    className="text-center no-border mt-0 "
                    id="location"
                    onChange={[MockFunction]}
                    type="text"
                    value=""
                  />,
                  <border />,
                ],
              },
              "ref": null,
              "rendered": Array [
                Object {
                  "instance": null,
                  "key": undefined,
                  "nodeType": "host",
                  "props": Object {
                    "children": undefined,
                    "className": "help-block",
                  },
                  "ref": null,
                  "rendered": null,
                  "type": "span",
                },
                Object {
                  "instance": null,
                  "key": undefined,
                  "nodeType": "host",
                  "props": Object {
                    "className": "text-center no-border mt-0 ",
                    "id": "location",
                    "onChange": [MockFunction],
                    "type": "text",
                    "value": "",
                  },
                  "ref": null,
                  "rendered": null,
                  "type": "input",
                },
                Object {
                  "instance": null,
                  "key": undefined,
                  "nodeType": "host",
                  "props": Object {},
                  "ref": null,
                  "rendered": null,
                  "type": "border",
                },
              ],
              "type": "div",
            },
            Object {
              "instance": null,
              "key": undefined,
              "nodeType": "host",
              "props": Object {
                "children": "capacity",
                "className": "mt-2",
              },
              "ref": null,
              "rendered": "capacity",
              "type": "h3",
            },
            Object {
              "instance": null,
              "key": undefined,
              "nodeType": "host",
              "props": Object {
                "children": Array [
                  <span
                    className="help-block"
                  />,
                  <input
                    className="text-center no-border mt-0 "
                    id="capacity"
                    onChange={[MockFunction]}
                    type="text"
                    value=""
                  />,
                  <border />,
                ],
              },
              "ref": null,
              "rendered": Array [
                Object {
                  "instance": null,
                  "key": undefined,
                  "nodeType": "host",
                  "props": Object {
                    "children": undefined,
                    "className": "help-block",
                  },
                  "ref": null,
                  "rendered": null,
                  "type": "span",
                },
                Object {
                  "instance": null,
                  "key": undefined,
                  "nodeType": "host",
                  "props": Object {
                    "className": "text-center no-border mt-0 ",
                    "id": "capacity",
                    "onChange": [MockFunction],
                    "type": "text",
                    "value": "",
                  },
                  "ref": null,
                  "rendered": null,
                  "type": "input",
                },
                Object {
                  "instance": null,
                  "key": undefined,
                  "nodeType": "host",
                  "props": Object {},
                  "ref": null,
                  "rendered": null,
                  "type": "border",
                },
              ],
              "type": "div",
            },
            Object {
              "instance": null,
              "key": undefined,
              "nodeType": "host",
              "props": Object {
                "children": "facilities",
                "className": "mt-2",
              },
              "ref": null,
              "rendered": "facilities",
              "type": "h3",
            },
            Object {
              "instance": null,
              "key": undefined,
              "nodeType": "host",
              "props": Object {
                "children": undefined,
                "className": "help-block",
              },
              "ref": null,
              "rendered": null,
              "type": "p",
            },
            Object {
              "instance": null,
              "key": undefined,
              "nodeType": "host",
              "props": Object {
                "children": Array [
                  <input
                    className="text-center no-border mt-0 "
                    id="facilities"
                    onChange={[MockFunction]}
                    type="text"
                    value=""
                  />,
                  <border />,
                ],
              },
              "ref": null,
              "rendered": Array [
                Object {
                  "instance": null,
                  "key": undefined,
                  "nodeType": "host",
                  "props": Object {
                    "className": "text-center no-border mt-0 ",
                    "id": "facilities",
                    "onChange": [MockFunction],
                    "type": "text",
                    "value": "",
                  },
                  "ref": null,
                  "rendered": null,
                  "type": "input",
                },
                Object {
                  "instance": null,
                  "key": undefined,
                  "nodeType": "host",
                  "props": Object {},
                  "ref": null,
                  "rendered": null,
                  "type": "border",
                },
              ],
              "type": "div",
            },
            Object {
              "instance": null,
              "key": undefined,
              "nodeType": "host",
              "props": Object {
                "children": "Price",
                "className": "mt-2",
              },
              "ref": null,
              "rendered": "Price",
              "type": "h3",
            },
            Object {
              "instance": null,
              "key": undefined,
              "nodeType": "host",
              "props": Object {
                "children": undefined,
                "className": "help-block",
              },
              "ref": null,
              "rendered": null,
              "type": "p",
            },
            Object {
              "instance": null,
              "key": undefined,
              "nodeType": "host",
              "props": Object {
                "children": Array [
                  <input
                    className="text-center no-border mt-0 "
                    id="cost"
                    onChange={[MockFunction]}
                    type="text"
                    value=""
                  />,
                  <border />,
                ],
              },
              "ref": null,
              "rendered": Array [
                Object {
                  "instance": null,
                  "key": undefined,
                  "nodeType": "host",
                  "props": Object {
                    "className": "text-center no-border mt-0 ",
                    "id": "cost",
                    "onChange": [MockFunction],
                    "type": "text",
                    "value": "",
                  },
                  "ref": null,
                  "rendered": null,
                  "type": "input",
                },
                Object {
                  "instance": null,
                  "key": undefined,
                  "nodeType": "host",
                  "props": Object {},
                  "ref": null,
                  "rendered": null,
                  "type": "border",
                },
              ],
              "type": "div",
            },
            Object {
              "instance": null,
              "key": undefined,
              "nodeType": "host",
              "props": Object {
                "children": "description",
                "className": "mt-2",
              },
              "ref": null,
              "rendered": "description",
              "type": "h3",
            },
            Object {
              "instance": null,
              "key": undefined,
              "nodeType": "host",
              "props": Object {
                "children": undefined,
                "className": "help-block",
              },
              "ref": null,
              "rendered": null,
              "type": "p",
            },
            Object {
              "instance": null,
              "key": undefined,
              "nodeType": "host",
              "props": Object {
                "children": <textarea
                  className="form-control col-xs-6 mb-4"
                  id="description"
                  onChange={[MockFunction]}
                  value=""
                />,
              },
              "ref": null,
              "rendered": Object {
                "instance": null,
                "key": undefined,
                "nodeType": "host",
                "props": Object {
                  "className": "form-control col-xs-6 mb-4",
                  "id": "description",
                  "onChange": [MockFunction],
                  "value": "",
                },
                "ref": null,
                "rendered": null,
                "type": "textarea",
              },
              "type": "div",
            },
            Object {
              "instance": null,
              "key": undefined,
              "nodeType": "host",
              "props": Object {
                "className": "btn btn-sm btn-success p-1 mr-1",
                "data-toggle-id": "editCenterDetails",
                "onClick": undefined,
                "type": "button",
                "value": "save",
              },
              "ref": null,
              "rendered": null,
              "type": "input",
            },
            Object {
              "instance": null,
              "key": undefined,
              "nodeType": "host",
              "props": Object {
                "className": "btn btn-sm btn-danger p-1 ml-1",
                "data-toggle-id": "editCenterDetails",
                "onClick": undefined,
                "type": "button",
                "value": "cancel",
              },
              "ref": null,
              "rendered": null,
              "type": "input",
            },
          ],
          "type": "form",
        },
        "type": "div",
      },
    ],
    "type": "div",
  },
  Symbol(enzyme.__nodes__): Array [
    Object {
      "instance": null,
      "key": undefined,
      "nodeType": "host",
      "props": Object {
        "children": Array [
          <ImageUpload
            path={undefined}
            showImage={[MockFunction]}
            uploadedImage={undefined}
          />,
          <div
            className="media-body text-center mb-4"
          >
            <form
              id="edit-center-form"
            >
              <div>
                <span
                  className="help-block"
                />
                <input
                  className="logo text-primary text-center no-border"
                  id="centerName"
                  onChange={[MockFunction]}
                  type="text"
                  value=""
                />
                <border />
              </div>
              <h3
                className="mt-2"
              >
                location
              </h3>
              <div>
                <span
                  className="help-block"
                />
                <input
                  className="text-center no-border mt-0 "
                  id="location"
                  onChange={[MockFunction]}
                  type="text"
                  value=""
                />
                <border />
              </div>
              <h3
                className="mt-2"
              >
                capacity
              </h3>
              <div>
                <span
                  className="help-block"
                />
                <input
                  className="text-center no-border mt-0 "
                  id="capacity"
                  onChange={[MockFunction]}
                  type="text"
                  value=""
                />
                <border />
              </div>
              <h3
                className="mt-2"
              >
                facilities
              </h3>
              <p
                className="help-block"
              />
              <div>
                <input
                  className="text-center no-border mt-0 "
                  id="facilities"
                  onChange={[MockFunction]}
                  type="text"
                  value=""
                />
                <border />
              </div>
              <h3
                className="mt-2"
              >
                Price
              </h3>
              <p
                className="help-block"
              />
              <div>
                <input
                  className="text-center no-border mt-0 "
                  id="cost"
                  onChange={[MockFunction]}
                  type="text"
                  value=""
                />
                <border />
              </div>
              <h3
                className="mt-2"
              >
                description
              </h3>
              <p
                className="help-block"
              />
              <div>
                <textarea
                  className="form-control col-xs-6 mb-4"
                  id="description"
                  onChange={[MockFunction]}
                  value=""
                />
              </div>
              <input
                className="btn btn-sm btn-success p-1 mr-1"
                data-toggle-id="editCenterDetails"
                onClick={undefined}
                type="button"
                value="save"
              />
              <input
                className="btn btn-sm btn-danger p-1 ml-1"
                data-toggle-id="editCenterDetails"
                onClick={undefined}
                type="button"
                value="cancel"
              />
            </form>
          </div>,
        ],
        "hidden": true,
        "id": "editCenterDetails",
      },
      "ref": null,
      "rendered": Array [
        Object {
          "instance": null,
          "key": undefined,
          "nodeType": "class",
          "props": Object {
            "path": undefined,
            "showImage": [MockFunction],
            "uploadedImage": undefined,
          },
          "ref": null,
          "rendered": null,
          "type": [Function],
        },
        Object {
          "instance": null,
          "key": undefined,
          "nodeType": "host",
          "props": Object {
            "children": <form
              id="edit-center-form"
            >
              <div>
                <span
                  className="help-block"
                />
                <input
                  className="logo text-primary text-center no-border"
                  id="centerName"
                  onChange={[MockFunction]}
                  type="text"
                  value=""
                />
                <border />
              </div>
              <h3
                className="mt-2"
              >
                location
              </h3>
              <div>
                <span
                  className="help-block"
                />
                <input
                  className="text-center no-border mt-0 "
                  id="location"
                  onChange={[MockFunction]}
                  type="text"
                  value=""
                />
                <border />
              </div>
              <h3
                className="mt-2"
              >
                capacity
              </h3>
              <div>
                <span
                  className="help-block"
                />
                <input
                  className="text-center no-border mt-0 "
                  id="capacity"
                  onChange={[MockFunction]}
                  type="text"
                  value=""
                />
                <border />
              </div>
              <h3
                className="mt-2"
              >
                facilities
              </h3>
              <p
                className="help-block"
              />
              <div>
                <input
                  className="text-center no-border mt-0 "
                  id="facilities"
                  onChange={[MockFunction]}
                  type="text"
                  value=""
                />
                <border />
              </div>
              <h3
                className="mt-2"
              >
                Price
              </h3>
              <p
                className="help-block"
              />
              <div>
                <input
                  className="text-center no-border mt-0 "
                  id="cost"
                  onChange={[MockFunction]}
                  type="text"
                  value=""
                />
                <border />
              </div>
              <h3
                className="mt-2"
              >
                description
              </h3>
              <p
                className="help-block"
              />
              <div>
                <textarea
                  className="form-control col-xs-6 mb-4"
                  id="description"
                  onChange={[MockFunction]}
                  value=""
                />
              </div>
              <input
                className="btn btn-sm btn-success p-1 mr-1"
                data-toggle-id="editCenterDetails"
                onClick={undefined}
                type="button"
                value="save"
              />
              <input
                className="btn btn-sm btn-danger p-1 ml-1"
                data-toggle-id="editCenterDetails"
                onClick={undefined}
                type="button"
                value="cancel"
              />
            </form>,
            "className": "media-body text-center mb-4",
          },
          "ref": null,
          "rendered": Object {
            "instance": null,
            "key": undefined,
            "nodeType": "host",
            "props": Object {
              "children": Array [
                <div>
                  <span
                    className="help-block"
                  />
                  <input
                    className="logo text-primary text-center no-border"
                    id="centerName"
                    onChange={[MockFunction]}
                    type="text"
                    value=""
                  />
                  <border />
                </div>,
                <h3
                  className="mt-2"
                >
                  location
                </h3>,
                <div>
                  <span
                    className="help-block"
                  />
                  <input
                    className="text-center no-border mt-0 "
                    id="location"
                    onChange={[MockFunction]}
                    type="text"
                    value=""
                  />
                  <border />
                </div>,
                <h3
                  className="mt-2"
                >
                  capacity
                </h3>,
                <div>
                  <span
                    className="help-block"
                  />
                  <input
                    className="text-center no-border mt-0 "
                    id="capacity"
                    onChange={[MockFunction]}
                    type="text"
                    value=""
                  />
                  <border />
                </div>,
                <h3
                  className="mt-2"
                >
                  facilities
                </h3>,
                <p
                  className="help-block"
                />,
                <div>
                  <input
                    className="text-center no-border mt-0 "
                    id="facilities"
                    onChange={[MockFunction]}
                    type="text"
                    value=""
                  />
                  <border />
                </div>,
                <h3
                  className="mt-2"
                >
                  Price
                </h3>,
                <p
                  className="help-block"
                />,
                <div>
                  <input
                    className="text-center no-border mt-0 "
                    id="cost"
                    onChange={[MockFunction]}
                    type="text"
                    value=""
                  />
                  <border />
                </div>,
                <h3
                  className="mt-2"
                >
                  description
                </h3>,
                <p
                  className="help-block"
                />,
                <div>
                  <textarea
                    className="form-control col-xs-6 mb-4"
                    id="description"
                    onChange={[MockFunction]}
                    value=""
                  />
                </div>,
                <input
                  className="btn btn-sm btn-success p-1 mr-1"
                  data-toggle-id="editCenterDetails"
                  onClick={undefined}
                  type="button"
                  value="save"
                />,
                <input
                  className="btn btn-sm btn-danger p-1 ml-1"
                  data-toggle-id="editCenterDetails"
                  onClick={undefined}
                  type="button"
                  value="cancel"
                />,
              ],
              "id": "edit-center-form",
            },
            "ref": null,
            "rendered": Array [
              Object {
                "instance": null,
                "key": undefined,
                "nodeType": "host",
                "props": Object {
                  "children": Array [
                    <span
                      className="help-block"
                    />,
                    <input
                      className="logo text-primary text-center no-border"
                      id="centerName"
                      onChange={[MockFunction]}
                      type="text"
                      value=""
                    />,
                    <border />,
                  ],
                },
                "ref": null,
                "rendered": Array [
                  Object {
                    "instance": null,
                    "key": undefined,
                    "nodeType": "host",
                    "props": Object {
                      "children": undefined,
                      "className": "help-block",
                    },
                    "ref": null,
                    "rendered": null,
                    "type": "span",
                  },
                  Object {
                    "instance": null,
                    "key": undefined,
                    "nodeType": "host",
                    "props": Object {
                      "className": "logo text-primary text-center no-border",
                      "id": "centerName",
                      "onChange": [MockFunction],
                      "type": "text",
                      "value": "",
                    },
                    "ref": null,
                    "rendered": null,
                    "type": "input",
                  },
                  Object {
                    "instance": null,
                    "key": undefined,
                    "nodeType": "host",
                    "props": Object {},
                    "ref": null,
                    "rendered": null,
                    "type": "border",
                  },
                ],
                "type": "div",
              },
              Object {
                "instance": null,
                "key": undefined,
                "nodeType": "host",
                "props": Object {
                  "children": "location",
                  "className": "mt-2",
                },
                "ref": null,
                "rendered": "location",
                "type": "h3",
              },
              Object {
                "instance": null,
                "key": undefined,
                "nodeType": "host",
                "props": Object {
                  "children": Array [
                    <span
                      className="help-block"
                    />,
                    <input
                      className="text-center no-border mt-0 "
                      id="location"
                      onChange={[MockFunction]}
                      type="text"
                      value=""
                    />,
                    <border />,
                  ],
                },
                "ref": null,
                "rendered": Array [
                  Object {
                    "instance": null,
                    "key": undefined,
                    "nodeType": "host",
                    "props": Object {
                      "children": undefined,
                      "className": "help-block",
                    },
                    "ref": null,
                    "rendered": null,
                    "type": "span",
                  },
                  Object {
                    "instance": null,
                    "key": undefined,
                    "nodeType": "host",
                    "props": Object {
                      "className": "text-center no-border mt-0 ",
                      "id": "location",
                      "onChange": [MockFunction],
                      "type": "text",
                      "value": "",
                    },
                    "ref": null,
                    "rendered": null,
                    "type": "input",
                  },
                  Object {
                    "instance": null,
                    "key": undefined,
                    "nodeType": "host",
                    "props": Object {},
                    "ref": null,
                    "rendered": null,
                    "type": "border",
                  },
                ],
                "type": "div",
              },
              Object {
                "instance": null,
                "key": undefined,
                "nodeType": "host",
                "props": Object {
                  "children": "capacity",
                  "className": "mt-2",
                },
                "ref": null,
                "rendered": "capacity",
                "type": "h3",
              },
              Object {
                "instance": null,
                "key": undefined,
                "nodeType": "host",
                "props": Object {
                  "children": Array [
                    <span
                      className="help-block"
                    />,
                    <input
                      className="text-center no-border mt-0 "
                      id="capacity"
                      onChange={[MockFunction]}
                      type="text"
                      value=""
                    />,
                    <border />,
                  ],
                },
                "ref": null,
                "rendered": Array [
                  Object {
                    "instance": null,
                    "key": undefined,
                    "nodeType": "host",
                    "props": Object {
                      "children": undefined,
                      "className": "help-block",
                    },
                    "ref": null,
                    "rendered": null,
                    "type": "span",
                  },
                  Object {
                    "instance": null,
                    "key": undefined,
                    "nodeType": "host",
                    "props": Object {
                      "className": "text-center no-border mt-0 ",
                      "id": "capacity",
                      "onChange": [MockFunction],
                      "type": "text",
                      "value": "",
                    },
                    "ref": null,
                    "rendered": null,
                    "type": "input",
                  },
                  Object {
                    "instance": null,
                    "key": undefined,
                    "nodeType": "host",
                    "props": Object {},
                    "ref": null,
                    "rendered": null,
                    "type": "border",
                  },
                ],
                "type": "div",
              },
              Object {
                "instance": null,
                "key": undefined,
                "nodeType": "host",
                "props": Object {
                  "children": "facilities",
                  "className": "mt-2",
                },
                "ref": null,
                "rendered": "facilities",
                "type": "h3",
              },
              Object {
                "instance": null,
                "key": undefined,
                "nodeType": "host",
                "props": Object {
                  "children": undefined,
                  "className": "help-block",
                },
                "ref": null,
                "rendered": null,
                "type": "p",
              },
              Object {
                "instance": null,
                "key": undefined,
                "nodeType": "host",
                "props": Object {
                  "children": Array [
                    <input
                      className="text-center no-border mt-0 "
                      id="facilities"
                      onChange={[MockFunction]}
                      type="text"
                      value=""
                    />,
                    <border />,
                  ],
                },
                "ref": null,
                "rendered": Array [
                  Object {
                    "instance": null,
                    "key": undefined,
                    "nodeType": "host",
                    "props": Object {
                      "className": "text-center no-border mt-0 ",
                      "id": "facilities",
                      "onChange": [MockFunction],
                      "type": "text",
                      "value": "",
                    },
                    "ref": null,
                    "rendered": null,
                    "type": "input",
                  },
                  Object {
                    "instance": null,
                    "key": undefined,
                    "nodeType": "host",
                    "props": Object {},
                    "ref": null,
                    "rendered": null,
                    "type": "border",
                  },
                ],
                "type": "div",
              },
              Object {
                "instance": null,
                "key": undefined,
                "nodeType": "host",
                "props": Object {
                  "children": "Price",
                  "className": "mt-2",
                },
                "ref": null,
                "rendered": "Price",
                "type": "h3",
              },
              Object {
                "instance": null,
                "key": undefined,
                "nodeType": "host",
                "props": Object {
                  "children": undefined,
                  "className": "help-block",
                },
                "ref": null,
                "rendered": null,
                "type": "p",
              },
              Object {
                "instance": null,
                "key": undefined,
                "nodeType": "host",
                "props": Object {
                  "children": Array [
                    <input
                      className="text-center no-border mt-0 "
                      id="cost"
                      onChange={[MockFunction]}
                      type="text"
                      value=""
                    />,
                    <border />,
                  ],
                },
                "ref": null,
                "rendered": Array [
                  Object {
                    "instance": null,
                    "key": undefined,
                    "nodeType": "host",
                    "props": Object {
                      "className": "text-center no-border mt-0 ",
                      "id": "cost",
                      "onChange": [MockFunction],
                      "type": "text",
                      "value": "",
                    },
                    "ref": null,
                    "rendered": null,
                    "type": "input",
                  },
                  Object {
                    "instance": null,
                    "key": undefined,
                    "nodeType": "host",
                    "props": Object {},
                    "ref": null,
                    "rendered": null,
                    "type": "border",
                  },
                ],
                "type": "div",
              },
              Object {
                "instance": null,
                "key": undefined,
                "nodeType": "host",
                "props": Object {
                  "children": "description",
                  "className": "mt-2",
                },
                "ref": null,
                "rendered": "description",
                "type": "h3",
              },
              Object {
                "instance": null,
                "key": undefined,
                "nodeType": "host",
                "props": Object {
                  "children": undefined,
                  "className": "help-block",
                },
                "ref": null,
                "rendered": null,
                "type": "p",
              },
              Object {
                "instance": null,
                "key": undefined,
                "nodeType": "host",
                "props": Object {
                  "children": <textarea
                    className="form-control col-xs-6 mb-4"
                    id="description"
                    onChange={[MockFunction]}
                    value=""
                  />,
                },
                "ref": null,
                "rendered": Object {
                  "instance": null,
                  "key": undefined,
                  "nodeType": "host",
                  "props": Object {
                    "className": "form-control col-xs-6 mb-4",
                    "id": "description",
                    "onChange": [MockFunction],
                    "value": "",
                  },
                  "ref": null,
                  "rendered": null,
                  "type": "textarea",
                },
                "type": "div",
              },
              Object {
                "instance": null,
                "key": undefined,
                "nodeType": "host",
                "props": Object {
                  "className": "btn btn-sm btn-success p-1 mr-1",
                  "data-toggle-id": "editCenterDetails",
                  "onClick": undefined,
                  "type": "button",
                  "value": "save",
                },
                "ref": null,
                "rendered": null,
                "type": "input",
              },
              Object {
                "instance": null,
                "key": undefined,
                "nodeType": "host",
                "props": Object {
                  "className": "btn btn-sm btn-danger p-1 ml-1",
                  "data-toggle-id": "editCenterDetails",
                  "onClick": undefined,
                  "type": "button",
                  "value": "cancel",
                },
                "ref": null,
                "rendered": null,
                "type": "input",
              },
            ],
            "type": "form",
          },
          "type": "div",
        },
      ],
      "type": "div",
    },
  ],
  Symbol(enzyme.__options__): Object {
    "adapter": ReactSixteenAdapter {
      "options": Object {
        "enableComponentDidUpdateOnSetState": true,
      },
    },
  },
}
`;
