// Jest Snapshot v1, https://goo.gl/fbAQLP

exports[`Edit center should render component without errors 1`] = `
<div
  hidden={true}
  id="editCenterDetails"
>
  <ImageUpload
    showImage={[MockFunction]}
  />
  <div
    className="media-body text-center mb-4"
  >
    <form
      id="edit-center-form"
    >
      <div>
        <span
          className="help-block"
        />
        <input
          className="logo text-primary text-center no-border"
          id="centerName"
          onChange={[MockFunction]}
          type="text"
          value=""
        />
        <border />
      </div>
      <h3
        className="mt-2"
      >
        location
      </h3>
      <div>
        <span
          className="help-block"
        />
        <input
          className="text-center no-border mt-0 "
          id="location"
          onChange={[MockFunction]}
          type="text"
          value=""
        />
        <border />
      </div>
      <h3
        className="mt-2"
      >
        capacity
      </h3>
      <div>
        <span
          className="help-block"
        />
        <input
          className="text-center no-border mt-0 "
          id="capacity"
          onChange={[MockFunction]}
          type="text"
          value=""
        />
        <border />
      </div>
      <h3
        className="mt-2"
      >
        facilities
      </h3>
      <p
        className="help-block"
      />
      <div>
        <input
          className="text-center no-border mt-0 "
          id="facilities"
          onChange={[MockFunction]}
          type="text"
          value=""
        />
        <border />
      </div>
      <h3
        className="mt-2"
      >
        Price
      </h3>
      <p
        className="help-block"
      />
      <div>
        <input
          className="text-center no-border mt-0 "
          id="cost"
          onChange={[MockFunction]}
          type="text"
          value=""
        />
        <border />
      </div>
      <h3
        className="mt-2"
      >
        description
      </h3>
      <p
        className="help-block"
      />
      <div>
        <textarea
          className="form-control col-xs-6 mb-4"
          id="description"
          onChange={[MockFunction]}
          value=""
        />
      </div>
      <input
        className="btn btn-sm btn-success p-1 mr-1"
        data-toggle-id="editCenterDetails"
        id="edit-submit"
        type="button"
        value="save"
      />
      <input
        className="btn btn-sm btn-danger p-1 ml-1"
        data-toggle-id="editCenterDetails"
        type="button"
        value="cancel"
      />
    </form>
  </div>
</div>
`;
