// Jest Snapshot v1, https://goo.gl/fbAQLP

exports[`guest navbar should render the component based 1`] = `
<ul
  className="navbar-nav ml-auto"
>
  <li
    className="nav-item"
  >
    <Link
      className="nav-link active"
      replace={false}
      to="/"
    >
      <span
        className="nav-link-text"
      >
        Home
      </span>
    </Link>
  </li>
  <li
    className="nav-item"
  >
    <Link
      className="nav-link"
      replace={false}
      to="/view-centers"
    >
      <span
        className="nav-link-text"
      >
        centers
      </span>
    </Link>
  </li>
  <li
    className="nav-item"
  >
    <Link
      className="nav-link"
      replace={false}
      to="/about"
    >
      <span
        className="nav-link-text"
      >
        about us
      </span>
    </Link>
  </li>
  <li
    className="nav-item"
  >
    <div
      className="dropdown"
    >
      <button
        aria-expanded="false"
        aria-haspopup="true"
        className="btn btn-success dropdown-toggle main-color-bg"
        data-toggle="dropdown"
        id="signIn"
        type="button"
      >
        Sign In
      </button>
      <div
        aria-labelledby="signIn"
        className="dropdown-menu dropdown-menu-right mt-3"
      >
        <SignIn
          navbarProps={
            Object {
              "logout": [MockFunction],
              "path": "/",
            }
          }
        />
      </div>
    </div>
  </li>
</ul>
`;
