// Jest Snapshot v1, https://goo.gl/fbAQLP

exports[`Home Component should carousel when value is true 1`] = `
<div
  id="homepage"
>
  <div
    className="row main-content-bg"
  >
    <div
      className="main-content container"
    >
      <div
        className="row"
      >
        <div
          className="col-lg-6 intro"
        >
          <h1>
            Book The Best Center
          </h1>
          <p>
            Hotel icons, booking and reservation ready and thirteen HTML pages, that is roughly said what Colina delivers. Of course, there is more. Due to the popularity of mobile users, Colina has a mobile-first approach to its web design. But in general, all users will experience top-notch and highly adaptable website that you are yet to make.
          </p>
          <p>
            Andela’s business model is simply translating brilliant minds into world-class developers and inculcating them into software engineering teams around the world, to solve the problem of shortage of tech talent and also help achieve quality product build. Andela proffers solution to companies or individuals which are commonly referred to as partners with a shortage of technological team or in need of proficient and experienced software personnel by offering them world-class developers to solve their challenges or bring their ideas into reality using technological tools
          </p>
        </div>
        <div
          className="col-lg-6 form"
        >
          <h1>
            Our Centers
          </h1>
          <div
            className="carousel slide"
            data-ride="carousel"
            id="carouselExampleIndicators"
          >
            <ol
              className="carousel-indicators"
            >
              <li
                className="active"
                data-slide-to={0}
                data-target="#carouselExampleIndicators"
              />
              <li
                className=""
                data-slide-to={1}
                data-target="#carouselExampleIndicators"
              />
            </ol>
            <div
              className="carousel-inner"
            >
              <div
                className="carousel-item active"
              >
                <img
                  alt={undefined}
                  className="d-block w-100 h-350"
                  src={undefined}
                />
                <div
                  className="carousel-caption d-none d-md-block"
                >
                  <h5 />
                  <p />
                </div>
              </div>
              <div
                className="carousel-item"
              >
                <img
                  alt={undefined}
                  className="d-block w-100 h-350"
                  src={undefined}
                />
                <div
                  className="carousel-caption d-none d-md-block"
                >
                  <h5 />
                  <p />
                </div>
              </div>
            </div>
            <a
              className="carousel-control-prev"
              data-slide="prev"
              href="#carouselExampleIndicators"
              role="button"
            >
              <span
                aria-hidden="true"
                className="carousel-control-prev-icon"
              />
              <span
                className="sr-only"
              >
                Previous
              </span>
            </a>
            <a
              className="carousel-control-next"
              data-slide="next"
              href="#carouselExampleIndicators"
              role="button"
            >
              <span
                aria-hidden="true"
                className="carousel-control-next-icon"
              />
              <span
                className="sr-only"
              >
                Next
              </span>
            </a>
          </div>
        </div>
      </div>
    </div>
  </div>
  <div
    className="row sub-color"
  >
    <div
      className="row subcontent"
    >
      <div
        className="row pb-4 w-85"
      >
        <div
          className="col-lg-4 pb-3 justify-text"
        >
          <div
            className="row center"
          >
            <span
              className="icon"
            >
              <i
                className="fa fa-dollar-sign"
              />
            </span>
          </div>
          <p>
            Hotel icons, booking and reservation ready and thirteen HTML pages, that is roughly said what Colina delivers. Of course, there is more. Due to the popularity of mobile users, Colina has a mobile-first approach to its web design. But in general, all users will experience top-notch and highly adaptable website that you are yet to make.
          </p>
        </div>
        <div
          className="col-lg-4 pb-3 justify-text"
        >
          <div
            className="row center"
          >
            <span
              className="icon"
            >
              <i
                className="fa fa-lock"
              />
            </span>
          </div>
          Hotel icons, booking and reservation ready and thirteen HTML pages, that is roughly said what Colina delivers. Of course, there is more. Due to the popularity of mobile users, Colina has a mobile-first approach to its web design. But in general, all users will experience top-notch and highly adaptable website that you are yet to make.
        </div>
        <div
          className="col-lg-4 pb-3 justify-text"
        >
          <div
            className="row center"
          >
            <span
              className="icon"
            >
              <i
                className="fa fa-thumbs-up"
              />
            </span>
          </div>
          Hotel icons, booking and reservation ready and thirteen HTML pages, that is roughly said what Colina delivers. Of course, there is more. Due to the popularity of mobile users, Colina has a mobile-first approach to its web design. But in general, all users will experience top-notch and highly adaptable website that you are yet to make.
        </div>
      </div>
    </div>
  </div>
</div>
`;

exports[`Home Component should render without throwing error 1`] = `
<div
  id="homepage"
>
  <div
    className="row main-content-bg"
  >
    <div
      className="main-content container"
    >
      <div
        className="row"
      >
        <div
          className="col-lg-6 intro"
        >
          <h1>
            Book The Best Center
          </h1>
          <p>
            Hotel icons, booking and reservation ready and thirteen HTML pages, that is roughly said what Colina delivers. Of course, there is more. Due to the popularity of mobile users, Colina has a mobile-first approach to its web design. But in general, all users will experience top-notch and highly adaptable website that you are yet to make.
          </p>
          <p>
            Andela’s business model is simply translating brilliant minds into world-class developers and inculcating them into software engineering teams around the world, to solve the problem of shortage of tech talent and also help achieve quality product build. Andela proffers solution to companies or individuals which are commonly referred to as partners with a shortage of technological team or in need of proficient and experienced software personnel by offering them world-class developers to solve their challenges or bring their ideas into reality using technological tools
          </p>
        </div>
        <div
          className="col-lg-6 form"
        >
          <h1>
            Get started
          </h1>
          <form
            id="signup-form"
            onSubmit={undefined}
          >
            <span
              className="help-block"
            />
            <div
              className="form-group"
            >
              <label
                htmlFor="fullname"
              >
                Fullname
              </label>
              <input
                className="form-control"
                id="fullname"
                onChange={undefined}
                placeholder="Fullname"
                required={true}
                type="text"
                value={undefined}
              />
            </div>
            <span
              className="help-block"
            />
            <div
              className="form-group"
            >
              <label
                htmlFor="email"
              >
                Email Address
              </label>
              <input
                className="form-control"
                id="email"
                onChange={undefined}
                placeholder="Email Address"
                required={true}
                type="email"
                value={undefined}
              />
            </div>
            <span
              className="help-block"
            />
            <div
              className="form-row"
            >
              <div
                className="form-group col-md-6"
              >
                <label
                  htmlFor="password"
                >
                  Password
                </label>
                <input
                  className="form-control"
                  id="password"
                  onChange={undefined}
                  placeholder="Password"
                  required={true}
                  type="password"
                  value={undefined}
                />
              </div>
              <div
                className="form-group col-md-6"
              >
                <label
                  htmlFor="retypePass"
                >
                  Retype-Password
                </label>
                <input
                  className="form-control"
                  id="retypePass"
                  onChange={undefined}
                  placeholder="Re-type Password"
                  required={true}
                  type="password"
                  value={undefined}
                />
              </div>
            </div>
            <div
              className="center"
            >
              <input
                className="btn btn-primary mb-2"
                id="signup"
                type="submit"
                value="Join Us"
              />
            </div>
          </form>
        </div>
      </div>
    </div>
  </div>
  <div
    className="row sub-color"
  >
    <div
      className="row subcontent"
    >
      <div
        className="row pb-4 w-85"
      >
        <div
          className="col-lg-4 pb-3 justify-text"
        >
          <div
            className="row center"
          >
            <span
              className="icon"
            >
              <i
                className="fa fa-dollar-sign"
              />
            </span>
          </div>
          <p>
            Hotel icons, booking and reservation ready and thirteen HTML pages, that is roughly said what Colina delivers. Of course, there is more. Due to the popularity of mobile users, Colina has a mobile-first approach to its web design. But in general, all users will experience top-notch and highly adaptable website that you are yet to make.
          </p>
        </div>
        <div
          className="col-lg-4 pb-3 justify-text"
        >
          <div
            className="row center"
          >
            <span
              className="icon"
            >
              <i
                className="fa fa-lock"
              />
            </span>
          </div>
          Hotel icons, booking and reservation ready and thirteen HTML pages, that is roughly said what Colina delivers. Of course, there is more. Due to the popularity of mobile users, Colina has a mobile-first approach to its web design. But in general, all users will experience top-notch and highly adaptable website that you are yet to make.
        </div>
        <div
          className="col-lg-4 pb-3 justify-text"
        >
          <div
            className="row center"
          >
            <span
              className="icon"
            >
              <i
                className="fa fa-thumbs-up"
              />
            </span>
          </div>
          Hotel icons, booking and reservation ready and thirteen HTML pages, that is roughly said what Colina delivers. Of course, there is more. Due to the popularity of mobile users, Colina has a mobile-first approach to its web design. But in general, all users will experience top-notch and highly adaptable website that you are yet to make.
        </div>
      </div>
    </div>
  </div>
</div>
`;
