// Jest Snapshot v1, https://goo.gl/fbAQLP

exports[`Image upload should render the component without errors 1`] = `
<div>
  <div
    className="imageUpload"
  >
    <label
      htmlFor="imageInput"
    >
      <img
        className="img-fluid dropzone"
        src="www.webimage.com/images"
      />
    </label>
    <input
      id="imageInput"
      onChange={[MockFunction]}
      type="file"
    />
  </div>
</div>
`;
