// Jest Snapshot v1, https://goo.gl/fbAQLP

exports[`guest navbar should render the component based 1`] = `
<nav
  className="navbar navbar-expand-lg navbar-dark fixed-top"
  id="mainNav"
>
  <Link
    className="navbar-brand"
    replace={false}
    to="/"
  >
    <h1>
      <span
        className="text-lowercase fw"
      >
        e
      </span>
      Center
    </h1>
  </Link>
  <button
    aria-controls="navbarResponsive"
    aria-expanded="false"
    aria-label="Toggle navigation"
    className="navbar-toggler navbar-toggler-right"
    data-target="#navbarResponsive"
    data-toggle="collapse"
    type="button"
  >
    <span
      className="navbar-toggler-icon"
    />
  </button>
  <div
    className="collapse navbar-collapse"
    id="navbarResponsive"
  >
    <DefaultNavbar
      navbarProps={
        Object {
          "auth": Object {
            "isAuth": true,
          },
          "logout": [MockFunction],
        }
      }
    />
  </div>
</nav>
`;
