// Jest Snapshot v1, https://goo.gl/fbAQLP

exports[`Image upload should render the component without errors 1`] = `
<form
  className="px-4 py-3"
  onSubmit={[Function]}
>
  <span
    className="help-block"
  />
  <div
    className="form-group"
  >
    <label
      htmlFor="email"
    >
      Email Address
    </label>
    <input
      className="form-control"
      error=""
      id="loginEmail"
      onChange={[Function]}
      placeholder="Email Address"
      required={true}
      type="email"
      value=""
    />
  </div>
  <div
    className="form-group"
  >
    <span
      className="help-block"
    />
    <label
      htmlFor="email"
    >
      Password
    </label>
    <input
      className="form-control"
      error=""
      id="loginPassword"
      onChange={[Function]}
      placeholder="123456789"
      required={true}
      type="password"
      value=""
    />
  </div>
  <button
    className="btn btn-primary mb-3"
    type="submit"
  >
    Sign in
  </button>
  <br />
  <span>
    <Link
      replace={false}
      to="/recover-password"
    >
      Forgot Password? Click Here
    </Link>
  </span>
</form>
`;
