// Jest Snapshot v1, https://goo.gl/fbAQLP

exports[`Dashboard Component should render component without error 1`] = `
<div
  className="wc"
>
  <div
    className="row"
  >
    <div
      className="emptyEvent img-fluid text-center ml-2 mt-3 pt-2"
    >
      <span>
        <p
          className="display-3"
        >
          No Event Booked Yet
        </p>
      </span>
    </div>
  </div>
</div>
`;
