// Jest Snapshot v1, https://goo.gl/fbAQLP

exports[`Dashboard Component should render component without error 1`] = `
ShallowWrapper {
  "length": 1,
  Symbol(enzyme.__root__): [Circular],
  Symbol(enzyme.__unrendered__): <Content
    activity={Object {}}
    auth={
      Object {
        "isAuth": true,
        "user": Object {
          "id": 1,
          "isAdmin": true,
        },
      }
    }
    counter={0}
    location={
      Object {
        "pathname": "/",
      }
    }
    nextEvents={
      [MockFunction] {
        "calls": Array [
          Array [
            "checkPropTypes",
            "nextEvents",
            "prop",
            "Content",
            null,
            "SECRET_DO_NOT_PASS_THIS_OR_YOU_WILL_BE_FIRED",
          ],
        ],
      }
    }
    onSelect={
      [MockFunction] {
        "calls": Array [
          Array [
            "checkPropTypes",
            "onSelect",
            "prop",
            "Content",
            null,
            "SECRET_DO_NOT_PASS_THIS_OR_YOU_WILL_BE_FIRED",
          ],
        ],
      }
    }
    state={
      Object {
        "eventId": 1,
        "eventName": "Pizza Party",
      }
    }
    userEvent={
      Object {
        "events": Array [],
        "message": "",
        "status": "",
      }
    }
  />,
  Symbol(enzyme.__renderer__): Object {
    "batchedUpdates": [Function],
    "getNode": [Function],
    "render": [Function],
    "simulateEvent": [Function],
    "unmount": [Function],
  },
  Symbol(enzyme.__node__): Object {
    "instance": null,
    "key": undefined,
    "nodeType": "host",
    "props": Object {
      "children": Array [
        undefined,
        "",
        <div
          className="row"
        >
          <div
            className="emptyEvent img-fluid text-center ml-2 mt-3 pt-2"
          >
            <span>
              <p
                className="display-3"
              >
                No Event Booked Yet
              </p>
            </span>
          </div>
        </div>,
        "",
      ],
      "className": "wc",
    },
    "ref": null,
    "rendered": Array [
      undefined,
      "",
      Object {
        "instance": null,
        "key": undefined,
        "nodeType": "host",
        "props": Object {
          "children": <div
            className="emptyEvent img-fluid text-center ml-2 mt-3 pt-2"
          >
            <span>
              <p
                className="display-3"
              >
                No Event Booked Yet
              </p>
            </span>
          </div>,
          "className": "row",
        },
        "ref": null,
        "rendered": Object {
          "instance": null,
          "key": undefined,
          "nodeType": "host",
          "props": Object {
            "children": <span>
              <p
                className="display-3"
              >
                No Event Booked Yet
              </p>
            </span>,
            "className": "emptyEvent img-fluid text-center ml-2 mt-3 pt-2",
          },
          "ref": null,
          "rendered": Object {
            "instance": null,
            "key": undefined,
            "nodeType": "host",
            "props": Object {
              "children": <p
                className="display-3"
              >
                No Event Booked Yet
              </p>,
            },
            "ref": null,
            "rendered": Object {
              "instance": null,
              "key": undefined,
              "nodeType": "host",
              "props": Object {
                "children": "No Event Booked Yet",
                "className": "display-3",
              },
              "ref": null,
              "rendered": "No Event Booked Yet",
              "type": "p",
            },
            "type": "span",
          },
          "type": "div",
        },
        "type": "div",
      },
      "",
    ],
    "type": "div",
  },
  Symbol(enzyme.__nodes__): Array [
    Object {
      "instance": null,
      "key": undefined,
      "nodeType": "host",
      "props": Object {
        "children": Array [
          undefined,
          "",
          <div
            className="row"
          >
            <div
              className="emptyEvent img-fluid text-center ml-2 mt-3 pt-2"
            >
              <span>
                <p
                  className="display-3"
                >
                  No Event Booked Yet
                </p>
              </span>
            </div>
          </div>,
          "",
        ],
        "className": "wc",
      },
      "ref": null,
      "rendered": Array [
        undefined,
        "",
        Object {
          "instance": null,
          "key": undefined,
          "nodeType": "host",
          "props": Object {
            "children": <div
              className="emptyEvent img-fluid text-center ml-2 mt-3 pt-2"
            >
              <span>
                <p
                  className="display-3"
                >
                  No Event Booked Yet
                </p>
              </span>
            </div>,
            "className": "row",
          },
          "ref": null,
          "rendered": Object {
            "instance": null,
            "key": undefined,
            "nodeType": "host",
            "props": Object {
              "children": <span>
                <p
                  className="display-3"
                >
                  No Event Booked Yet
                </p>
              </span>,
              "className": "emptyEvent img-fluid text-center ml-2 mt-3 pt-2",
            },
            "ref": null,
            "rendered": Object {
              "instance": null,
              "key": undefined,
              "nodeType": "host",
              "props": Object {
                "children": <p
                  className="display-3"
                >
                  No Event Booked Yet
                </p>,
              },
              "ref": null,
              "rendered": Object {
                "instance": null,
                "key": undefined,
                "nodeType": "host",
                "props": Object {
                  "children": "No Event Booked Yet",
                  "className": "display-3",
                },
                "ref": null,
                "rendered": "No Event Booked Yet",
                "type": "p",
              },
              "type": "span",
            },
            "type": "div",
          },
          "type": "div",
        },
        "",
      ],
      "type": "div",
    },
  ],
  Symbol(enzyme.__options__): Object {
    "adapter": ReactSixteenAdapter {
      "options": Object {
        "enableComponentDidUpdateOnSetState": true,
      },
    },
  },
}
`;
