// Jest Snapshot v1, https://goo.gl/fbAQLP

exports[`Dashboard Component should render component without error 1`] = `
ShallowWrapper {
  "length": 1,
  Symbol(enzyme.__root__): [Circular],
  Symbol(enzyme.__unrendered__): <Dashboard
    activity={Object {}}
    auth={
      Object {
        "isAuth": true,
        "user": Object {
          "id": 1,
          "isAdmin": true,
        },
      }
    }
    clearCenterStorage={
      [MockFunction] {
        "calls": Array [
          Array [],
        ],
      }
    }
    clearEventState={
      [MockFunction] {
        "calls": Array [
          Array [],
        ],
      }
    }
    deleteEvent={[MockFunction]}
    eventBooked={
      [MockFunction] {
        "calls": Array [
          Array [
            1,
          ],
        ],
      }
    }
    getActivity={
      [MockFunction] {
        "calls": Array [
          Array [
            1,
          ],
        ],
      }
    }
    getEvents={
      [MockFunction] {
        "calls": Array [
          Array [
            0,
          ],
        ],
      }
    }
    location={
      Object {
        "pathname": "/",
      }
    }
    setCurrentEvent={[MockFunction]}
    state={
      Object {
        "counter": 1,
        "eventId": 1,
        "eventName": "Pizza Party",
      }
    }
    userEvent={
      Object {
        "message": "",
        "status": "",
      }
    }
  />,
  Symbol(enzyme.__renderer__): Object {
    "batchedUpdates": [Function],
    "getNode": [Function],
    "render": [Function],
    "simulateEvent": [Function],
    "unmount": [Function],
  },
  Symbol(enzyme.__node__): Object {
    "instance": null,
    "key": undefined,
    "nodeType": "host",
    "props": Object {
      "children": Array [
        <Connect(NavBar)
          path="/"
        />,
        <div
          className="container"
        >
          <div
            className="row pt-4"
          >
            <div
              className="col-lg-9"
            >
              <div
                className="row event"
              >
                <h3
                  className="main-color"
                >
                  List of events booked
                </h3>
                <hr />
              </div>
              <div
                className="row"
              >
                <Content
                  counter={0}
                  nextEvents={[Function]}
                  onClick={[Function]}
                  onSelect={[Function]}
                  userEvent={
                    Object {
                      "message": "",
                      "status": "",
                    }
                  }
                />
                <DeleteModal
                  content={
                    <Delete
                      onCancel={[Function]}
                      onDelete={[Function]}
                      title={undefined}
                    />
                  }
                />
              </div>
            </div>
            <div
              className="col-lg-3 col3-bg"
            >
              <div
                className="p-4 fw"
              >
                <h2>
                  Notifications
                </h2>
              </div>
              <Notifications
                activities={undefined}
                onClick={[Function]}
              />
            </div>
          </div>
        </div>,
        <Footer />,
      ],
      "id": "dashboard",
    },
    "ref": null,
    "rendered": Array [
      Object {
        "instance": null,
        "key": undefined,
        "nodeType": "class",
        "props": Object {
          "path": "/",
        },
        "ref": null,
        "rendered": null,
        "type": [Function],
      },
      Object {
        "instance": null,
        "key": undefined,
        "nodeType": "host",
        "props": Object {
          "children": <div
            className="row pt-4"
          >
            <div
              className="col-lg-9"
            >
              <div
                className="row event"
              >
                <h3
                  className="main-color"
                >
                  List of events booked
                </h3>
                <hr />
              </div>
              <div
                className="row"
              >
                <Content
                  counter={0}
                  nextEvents={[Function]}
                  onClick={[Function]}
                  onSelect={[Function]}
                  userEvent={
                    Object {
                      "message": "",
                      "status": "",
                    }
                  }
                />
                <DeleteModal
                  content={
                    <Delete
                      onCancel={[Function]}
                      onDelete={[Function]}
                      title={undefined}
                    />
                  }
                />
              </div>
            </div>
            <div
              className="col-lg-3 col3-bg"
            >
              <div
                className="p-4 fw"
              >
                <h2>
                  Notifications
                </h2>
              </div>
              <Notifications
                activities={undefined}
                onClick={[Function]}
              />
            </div>
          </div>,
          "className": "container",
        },
        "ref": null,
        "rendered": Object {
          "instance": null,
          "key": undefined,
          "nodeType": "host",
          "props": Object {
            "children": Array [
              <div
                className="col-lg-9"
              >
                <div
                  className="row event"
                >
                  <h3
                    className="main-color"
                  >
                    List of events booked
                  </h3>
                  <hr />
                </div>
                <div
                  className="row"
                >
                  <Content
                    counter={0}
                    nextEvents={[Function]}
                    onClick={[Function]}
                    onSelect={[Function]}
                    userEvent={
                      Object {
                        "message": "",
                        "status": "",
                      }
                    }
                  />
                  <DeleteModal
                    content={
                      <Delete
                        onCancel={[Function]}
                        onDelete={[Function]}
                        title={undefined}
                      />
                    }
                  />
                </div>
              </div>,
              <div
                className="col-lg-3 col3-bg"
              >
                <div
                  className="p-4 fw"
                >
                  <h2>
                    Notifications
                  </h2>
                </div>
                <Notifications
                  activities={undefined}
                  onClick={[Function]}
                />
              </div>,
            ],
            "className": "row pt-4",
          },
          "ref": null,
          "rendered": Array [
            Object {
              "instance": null,
              "key": undefined,
              "nodeType": "host",
              "props": Object {
                "children": Array [
                  <div
                    className="row event"
                  >
                    <h3
                      className="main-color"
                    >
                      List of events booked
                    </h3>
                    <hr />
                  </div>,
                  <div
                    className="row"
                  >
                    <Content
                      counter={0}
                      nextEvents={[Function]}
                      onClick={[Function]}
                      onSelect={[Function]}
                      userEvent={
                        Object {
                          "message": "",
                          "status": "",
                        }
                      }
                    />
                    <DeleteModal
                      content={
                        <Delete
                          onCancel={[Function]}
                          onDelete={[Function]}
                          title={undefined}
                        />
                      }
                    />
                  </div>,
                ],
                "className": "col-lg-9",
              },
              "ref": null,
              "rendered": Array [
                Object {
                  "instance": null,
                  "key": undefined,
                  "nodeType": "host",
                  "props": Object {
                    "children": Array [
                      <h3
                        className="main-color"
                      >
                        List of events booked
                      </h3>,
                      <hr />,
                    ],
                    "className": "row event",
                  },
                  "ref": null,
                  "rendered": Array [
                    Object {
                      "instance": null,
                      "key": undefined,
                      "nodeType": "host",
                      "props": Object {
                        "children": "List of events booked",
                        "className": "main-color",
                      },
                      "ref": null,
                      "rendered": "List of events booked",
                      "type": "h3",
                    },
                    Object {
                      "instance": null,
                      "key": undefined,
                      "nodeType": "host",
                      "props": Object {},
                      "ref": null,
                      "rendered": null,
                      "type": "hr",
                    },
                  ],
                  "type": "div",
                },
                Object {
                  "instance": null,
                  "key": undefined,
                  "nodeType": "host",
                  "props": Object {
                    "children": Array [
                      <Content
                        counter={0}
                        nextEvents={[Function]}
                        onClick={[Function]}
                        onSelect={[Function]}
                        userEvent={
                          Object {
                            "message": "",
                            "status": "",
                          }
                        }
                      />,
                      <DeleteModal
                        content={
                          <Delete
                            onCancel={[Function]}
                            onDelete={[Function]}
                            title={undefined}
                          />
                        }
                      />,
                    ],
                    "className": "row",
                  },
                  "ref": null,
                  "rendered": Array [
                    Object {
                      "instance": null,
                      "key": undefined,
                      "nodeType": "class",
                      "props": Object {
                        "counter": 0,
                        "nextEvents": [Function],
                        "onClick": [Function],
                        "onSelect": [Function],
                        "userEvent": Object {
                          "message": "",
                          "status": "",
                        },
                      },
                      "ref": null,
                      "rendered": null,
                      "type": [Function],
                    },
                    Object {
                      "instance": null,
                      "key": undefined,
                      "nodeType": "class",
                      "props": Object {
                        "content": <Delete
                          onCancel={[Function]}
                          onDelete={[Function]}
                          title={undefined}
                        />,
                      },
                      "ref": null,
                      "rendered": null,
                      "type": [Function],
                    },
                  ],
                  "type": "div",
                },
              ],
              "type": "div",
            },
            Object {
              "instance": null,
              "key": undefined,
              "nodeType": "host",
              "props": Object {
                "children": Array [
                  <div
                    className="p-4 fw"
                  >
                    <h2>
                      Notifications
                    </h2>
                  </div>,
                  <Notifications
                    activities={undefined}
                    onClick={[Function]}
                  />,
                ],
                "className": "col-lg-3 col3-bg",
              },
              "ref": null,
              "rendered": Array [
                Object {
                  "instance": null,
                  "key": undefined,
                  "nodeType": "host",
                  "props": Object {
                    "children": <h2>
                      Notifications
                    </h2>,
                    "className": "p-4 fw",
                  },
                  "ref": null,
                  "rendered": Object {
                    "instance": null,
                    "key": undefined,
                    "nodeType": "host",
                    "props": Object {
                      "children": "Notifications",
                    },
                    "ref": null,
                    "rendered": "Notifications",
                    "type": "h2",
                  },
                  "type": "div",
                },
                Object {
                  "instance": null,
                  "key": undefined,
                  "nodeType": "class",
                  "props": Object {
                    "activities": undefined,
                    "onClick": [Function],
                  },
                  "ref": null,
                  "rendered": null,
                  "type": [Function],
                },
              ],
              "type": "div",
            },
          ],
          "type": "div",
        },
        "type": "div",
      },
      Object {
        "instance": null,
        "key": undefined,
        "nodeType": "class",
        "props": Object {},
        "ref": null,
        "rendered": null,
        "type": [Function],
      },
    ],
    "type": "div",
  },
  Symbol(enzyme.__nodes__): Array [
    Object {
      "instance": null,
      "key": undefined,
      "nodeType": "host",
      "props": Object {
        "children": Array [
          <Connect(NavBar)
            path="/"
          />,
          <div
            className="container"
          >
            <div
              className="row pt-4"
            >
              <div
                className="col-lg-9"
              >
                <div
                  className="row event"
                >
                  <h3
                    className="main-color"
                  >
                    List of events booked
                  </h3>
                  <hr />
                </div>
                <div
                  className="row"
                >
                  <Content
                    counter={0}
                    nextEvents={[Function]}
                    onClick={[Function]}
                    onSelect={[Function]}
                    userEvent={
                      Object {
                        "message": "",
                        "status": "",
                      }
                    }
                  />
                  <DeleteModal
                    content={
                      <Delete
                        onCancel={[Function]}
                        onDelete={[Function]}
                        title={undefined}
                      />
                    }
                  />
                </div>
              </div>
              <div
                className="col-lg-3 col3-bg"
              >
                <div
                  className="p-4 fw"
                >
                  <h2>
                    Notifications
                  </h2>
                </div>
                <Notifications
                  activities={undefined}
                  onClick={[Function]}
                />
              </div>
            </div>
          </div>,
          <Footer />,
        ],
        "id": "dashboard",
      },
      "ref": null,
      "rendered": Array [
        Object {
          "instance": null,
          "key": undefined,
          "nodeType": "class",
          "props": Object {
            "path": "/",
          },
          "ref": null,
          "rendered": null,
          "type": [Function],
        },
        Object {
          "instance": null,
          "key": undefined,
          "nodeType": "host",
          "props": Object {
            "children": <div
              className="row pt-4"
            >
              <div
                className="col-lg-9"
              >
                <div
                  className="row event"
                >
                  <h3
                    className="main-color"
                  >
                    List of events booked
                  </h3>
                  <hr />
                </div>
                <div
                  className="row"
                >
                  <Content
                    counter={0}
                    nextEvents={[Function]}
                    onClick={[Function]}
                    onSelect={[Function]}
                    userEvent={
                      Object {
                        "message": "",
                        "status": "",
                      }
                    }
                  />
                  <DeleteModal
                    content={
                      <Delete
                        onCancel={[Function]}
                        onDelete={[Function]}
                        title={undefined}
                      />
                    }
                  />
                </div>
              </div>
              <div
                className="col-lg-3 col3-bg"
              >
                <div
                  className="p-4 fw"
                >
                  <h2>
                    Notifications
                  </h2>
                </div>
                <Notifications
                  activities={undefined}
                  onClick={[Function]}
                />
              </div>
            </div>,
            "className": "container",
          },
          "ref": null,
          "rendered": Object {
            "instance": null,
            "key": undefined,
            "nodeType": "host",
            "props": Object {
              "children": Array [
                <div
                  className="col-lg-9"
                >
                  <div
                    className="row event"
                  >
                    <h3
                      className="main-color"
                    >
                      List of events booked
                    </h3>
                    <hr />
                  </div>
                  <div
                    className="row"
                  >
                    <Content
                      counter={0}
                      nextEvents={[Function]}
                      onClick={[Function]}
                      onSelect={[Function]}
                      userEvent={
                        Object {
                          "message": "",
                          "status": "",
                        }
                      }
                    />
                    <DeleteModal
                      content={
                        <Delete
                          onCancel={[Function]}
                          onDelete={[Function]}
                          title={undefined}
                        />
                      }
                    />
                  </div>
                </div>,
                <div
                  className="col-lg-3 col3-bg"
                >
                  <div
                    className="p-4 fw"
                  >
                    <h2>
                      Notifications
                    </h2>
                  </div>
                  <Notifications
                    activities={undefined}
                    onClick={[Function]}
                  />
                </div>,
              ],
              "className": "row pt-4",
            },
            "ref": null,
            "rendered": Array [
              Object {
                "instance": null,
                "key": undefined,
                "nodeType": "host",
                "props": Object {
                  "children": Array [
                    <div
                      className="row event"
                    >
                      <h3
                        className="main-color"
                      >
                        List of events booked
                      </h3>
                      <hr />
                    </div>,
                    <div
                      className="row"
                    >
                      <Content
                        counter={0}
                        nextEvents={[Function]}
                        onClick={[Function]}
                        onSelect={[Function]}
                        userEvent={
                          Object {
                            "message": "",
                            "status": "",
                          }
                        }
                      />
                      <DeleteModal
                        content={
                          <Delete
                            onCancel={[Function]}
                            onDelete={[Function]}
                            title={undefined}
                          />
                        }
                      />
                    </div>,
                  ],
                  "className": "col-lg-9",
                },
                "ref": null,
                "rendered": Array [
                  Object {
                    "instance": null,
                    "key": undefined,
                    "nodeType": "host",
                    "props": Object {
                      "children": Array [
                        <h3
                          className="main-color"
                        >
                          List of events booked
                        </h3>,
                        <hr />,
                      ],
                      "className": "row event",
                    },
                    "ref": null,
                    "rendered": Array [
                      Object {
                        "instance": null,
                        "key": undefined,
                        "nodeType": "host",
                        "props": Object {
                          "children": "List of events booked",
                          "className": "main-color",
                        },
                        "ref": null,
                        "rendered": "List of events booked",
                        "type": "h3",
                      },
                      Object {
                        "instance": null,
                        "key": undefined,
                        "nodeType": "host",
                        "props": Object {},
                        "ref": null,
                        "rendered": null,
                        "type": "hr",
                      },
                    ],
                    "type": "div",
                  },
                  Object {
                    "instance": null,
                    "key": undefined,
                    "nodeType": "host",
                    "props": Object {
                      "children": Array [
                        <Content
                          counter={0}
                          nextEvents={[Function]}
                          onClick={[Function]}
                          onSelect={[Function]}
                          userEvent={
                            Object {
                              "message": "",
                              "status": "",
                            }
                          }
                        />,
                        <DeleteModal
                          content={
                            <Delete
                              onCancel={[Function]}
                              onDelete={[Function]}
                              title={undefined}
                            />
                          }
                        />,
                      ],
                      "className": "row",
                    },
                    "ref": null,
                    "rendered": Array [
                      Object {
                        "instance": null,
                        "key": undefined,
                        "nodeType": "class",
                        "props": Object {
                          "counter": 0,
                          "nextEvents": [Function],
                          "onClick": [Function],
                          "onSelect": [Function],
                          "userEvent": Object {
                            "message": "",
                            "status": "",
                          },
                        },
                        "ref": null,
                        "rendered": null,
                        "type": [Function],
                      },
                      Object {
                        "instance": null,
                        "key": undefined,
                        "nodeType": "class",
                        "props": Object {
                          "content": <Delete
                            onCancel={[Function]}
                            onDelete={[Function]}
                            title={undefined}
                          />,
                        },
                        "ref": null,
                        "rendered": null,
                        "type": [Function],
                      },
                    ],
                    "type": "div",
                  },
                ],
                "type": "div",
              },
              Object {
                "instance": null,
                "key": undefined,
                "nodeType": "host",
                "props": Object {
                  "children": Array [
                    <div
                      className="p-4 fw"
                    >
                      <h2>
                        Notifications
                      </h2>
                    </div>,
                    <Notifications
                      activities={undefined}
                      onClick={[Function]}
                    />,
                  ],
                  "className": "col-lg-3 col3-bg",
                },
                "ref": null,
                "rendered": Array [
                  Object {
                    "instance": null,
                    "key": undefined,
                    "nodeType": "host",
                    "props": Object {
                      "children": <h2>
                        Notifications
                      </h2>,
                      "className": "p-4 fw",
                    },
                    "ref": null,
                    "rendered": Object {
                      "instance": null,
                      "key": undefined,
                      "nodeType": "host",
                      "props": Object {
                        "children": "Notifications",
                      },
                      "ref": null,
                      "rendered": "Notifications",
                      "type": "h2",
                    },
                    "type": "div",
                  },
                  Object {
                    "instance": null,
                    "key": undefined,
                    "nodeType": "class",
                    "props": Object {
                      "activities": undefined,
                      "onClick": [Function],
                    },
                    "ref": null,
                    "rendered": null,
                    "type": [Function],
                  },
                ],
                "type": "div",
              },
            ],
            "type": "div",
          },
          "type": "div",
        },
        Object {
          "instance": null,
          "key": undefined,
          "nodeType": "class",
          "props": Object {},
          "ref": null,
          "rendered": null,
          "type": [Function],
        },
      ],
      "type": "div",
    },
  ],
  Symbol(enzyme.__options__): Object {
    "adapter": ReactSixteenAdapter {
      "options": Object {
        "enableComponentDidUpdateOnSetState": true,
      },
    },
  },
}
`;
