// Jest Snapshot v1, https://goo.gl/fbAQLP

exports[`View center details Component should render component without error 1`] = `
<div
  id="centerDetails"
>
  <div
    className="imageUpload"
  >
    <img
      className="img-fluid dropzone"
      src=""
    />
  </div>
  <div
    className="media-body text-center mb-4 mt-4"
  >
    <strong
      className="logo text-primary mb-2"
    />
    <h3
      className="mt-2"
    >
      location
    </h3>
    <p />
    <h3
      className="mt-2"
    >
      capacity
    </h3>
    <p />
    <h3
      className="mt-2"
    >
      facilities
    </h3>
    <p />
    <h3
      className="mt-2"
    >
      price
    </h3>
    <p />
    <h3
      className="mt-2"
    >
      description
    </h3>
    <p />
  </div>
  ...
   
  <i
    className="fa fa-pencil-alt main-color"
    data-toggle-id="editCenterDetails"
    onClick={[MockFunction]}
  >
    edit
  </i>
</div>
`;
